../Core/Src/main.c:68:6:delayUs	16	static
../Core/Src/main.c:80:6:HAL_TIM_IC_CaptureCallback	16	static
../Core/Src/main.c:110:10:getDistance	8	static
../Core/Src/main.c:120:6:map	24	static
../Core/Src/main.c:129:5:main	24	static
../Core/Src/main.c:185:6:SystemClock_Config	88	static
../Core/Src/main.c:224:13:MX_TIM1_Init	96	static
../Core/Src/main.c:292:13:MX_TIM3_Init	48	static
../Core/Src/main.c:344:13:MX_TIM11_Init	8	static
../Core/Src/main.c:373:13:MX_USART2_UART_Init	8	static
../Core/Src/main.c:404:13:MX_GPIO_Init	32	static
../Core/Src/main.c:434:6:Error_Handler	4	static,ignoring_inline_asm
